../Core/Src/main.c:84:5:main	8	static
../Core/Src/main.c:139:6:SystemClock_Config	88	static
../Core/Src/main.c:185:13:MX_ADC1_Init	24	static
../Core/Src/main.c:264:13:MX_CAN1_Init	8	static
../Core/Src/main.c:301:13:MX_CAN2_Init	8	static
../Core/Src/main.c:338:13:MX_TIM1_Init	80	static
../Core/Src/main.c:411:13:MX_USART1_UART_Init	8	static
../Core/Src/main.c:442:13:MX_DMA_Init	16	static
../Core/Src/main.c:460:13:MX_GPIO_Init	24	static
../Core/Src/main.c:485:6:Error_Handler	4	static,ignoring_inline_asm
