../Core/Src/main.c:80:5:main	8	static
../Core/Src/main.c:134:6:SystemClock_Config	88	static
../Core/Src/main.c:180:13:MX_ADC1_Init	24	static
../Core/Src/main.c:259:13:MX_CAN1_Init	8	static
../Core/Src/main.c:296:13:MX_CAN2_Init	8	static
../Core/Src/main.c:333:13:MX_TIM1_Init	80	static
../Core/Src/main.c:406:13:MX_USART1_UART_Init	8	static
../Core/Src/main.c:437:13:MX_DMA_Init	16	static
../Core/Src/main.c:455:13:MX_GPIO_Init	24	static
../Core/Src/main.c:480:6:Error_Handler	4	static,ignoring_inline_asm
